2026-07-12 18:08:05,549 - INFO - Loading XML Configuration...
2026-07-12 18:08:05,549 - INFO - Parsing Firewall Rules...
2026-07-12 18:08:05,549 - INFO - Parsed 6 Rules...
2026-07-12 18:08:05,549 - INFO - Loading Policies...
2026-07-12 18:08:05,553 - INFO - Generating Reports...
2026-07-12 18:08:05,554 - INFO - Reports Generated.
2026-07-12 21:53:58,360 - INFO - Loading XML Configuration...
2026-07-12 21:53:58,360 - INFO - Parsing Firewall Rules...
2026-07-12 21:53:58,361 - INFO - Parsed 6 Rules...
2026-07-12 21:53:58,361 - INFO - Loading Policies...
2026-07-12 21:53:58,363 - INFO - Generating Reports...
2026-07-12 21:53:58,364 - INFO - Reports Generated.
2026-07-13 19:38:22,224 - INFO - Loading XML Configuration...
2026-07-13 19:38:22,224 - INFO - Parsing Firewall Rules...
2026-07-13 19:38:22,226 - INFO - Parsed 6 Rules...
2026-07-13 19:38:22,226 - INFO - Loading Policies...
2026-07-13 19:38:22,229 - INFO - Generating Reports...
2026-07-13 19:38:22,230 - INFO - Reports Generated.
2026-07-13 20:29:11,581 - INFO - Loading XML Configuration...
2026-07-13 20:29:35,754 - INFO - Loading XML Configuration...
2026-07-13 20:29:35,754 - INFO - Parsing Firewall Rules...
2026-07-13 20:29:35,755 - INFO - Parsed 6 Rules...
2026-07-13 20:29:35,755 - INFO - Loading Policies...
2026-07-13 20:29:35,757 - INFO - Generating Reports...
2026-07-13 20:31:04,281 - INFO - Loading XML Configuration...
2026-07-13 20:31:04,281 - INFO - Parsing Firewall Rules...
2026-07-13 20:31:04,281 - INFO - Parsed 6 Rules...
2026-07-13 20:31:04,282 - INFO - Loading Policies...
2026-07-13 20:31:04,284 - INFO - Generating Reports...
2026-07-13 20:38:33,662 - INFO - Loading XML Configuration...
2026-07-13 20:38:33,662 - INFO - Parsing Firewall Rules...
2026-07-13 20:38:33,663 - INFO - Parsed 6 Rules...
2026-07-13 20:38:33,663 - INFO - Loading Policies...
2026-07-13 20:38:33,665 - INFO - Generating Reports...
2026-07-13 20:40:51,899 - INFO - Loading XML Configuration...
2026-07-13 20:40:51,899 - INFO - Parsing Firewall Rules...
2026-07-13 20:40:51,900 - INFO - Parsed 6 Rules...
2026-07-13 20:40:51,900 - INFO - Loading Policies...
2026-07-13 20:40:51,902 - INFO - Generating Reports...
2026-07-13 20:41:23,697 - INFO - Loading XML Configuration...
2026-07-13 20:41:23,697 - INFO - Parsing Firewall Rules...
2026-07-13 20:41:23,698 - INFO - Parsed 6 Rules...
2026-07-13 20:41:23,698 - INFO - Loading Policies...
2026-07-13 20:41:23,703 - INFO - Generating Reports...
2026-07-13 20:41:23,703 - INFO - Reports Generated.
2026-07-13 20:43:30,158 - INFO - Loading XML Configuration...
2026-07-13 20:43:50,840 - INFO - Loading XML Configuration...
2026-07-13 20:43:50,840 - INFO - Parsing Firewall Rules...
2026-07-13 20:43:50,841 - INFO - Parsed 6 Rules...
2026-07-13 20:43:50,841 - INFO - Loading Policies...
2026-07-13 20:43:50,843 - INFO - Generating Reports...
2026-07-13 20:44:28,529 - INFO - Loading XML Configuration...
2026-07-13 20:44:28,529 - INFO - Parsing Firewall Rules...
2026-07-13 20:44:28,529 - INFO - Parsed 6 Rules...
2026-07-13 20:44:28,529 - INFO - Loading Policies...
2026-07-13 20:44:28,532 - INFO - Generating Reports...
2026-07-13 20:44:28,533 - INFO - Reports Generated.
2026-07-19 17:03:48,103 - INFO - Loading XML Configuration...
2026-07-19 17:04:52,458 - INFO - Loading XML Configuration...
2026-07-19 17:04:52,458 - INFO - Parsing Firewall Rules...
2026-07-19 17:04:52,458 - INFO - Parsed 6 Rules...
2026-07-19 17:04:52,459 - INFO - Loading Policies...
2026-07-19 17:22:13,162 - INFO - Loading XML Configuration...
2026-07-19 17:22:13,162 - ERROR - Unable to load configuration configs/config3.xml
2026-07-19 17:22:37,204 - INFO - Loading XML Configuration...
2026-07-19 17:22:37,205 - ERROR - Unable to load configuration configs/config3.xml
2026-07-19 17:22:43,878 - INFO - Loading XML Configuration...
2026-07-19 17:22:43,878 - ERROR - Unable to load configuration configs/config3.xml
2026-07-19 17:23:19,588 - INFO - Loading XML Configuration...
2026-07-19 17:23:19,588 - ERROR - Unable to load configuration configs/config3.xml
2026-07-19 17:23:26,726 - INFO - Loading XML Configuration...
2026-07-19 17:23:26,726 - ERROR - Unable to load configuration configs/config3.xml
2026-07-19 17:23:48,862 - INFO - Loading XML Configuration...
2026-07-19 17:23:48,862 - INFO - Parsing Firewall Rules...
2026-07-19 17:23:48,863 - INFO - Parsed 6 Rules...
2026-07-19 17:23:48,863 - INFO - Loading Policies...
2026-07-19 17:23:48,863 - ERROR - Error loading policy /home/t0rment/Documents/NaC-python/policies/firewall_polic.yaml
2026-07-19 17:59:00,310 - INFO - Loading XML Configuration...
2026-07-19 17:59:00,310 - INFO - Parsing Firewall Rules...
2026-07-19 17:59:00,311 - INFO - Parsed 6 Rules...
2026-07-19 17:59:00,311 - INFO - Loading Policies...
2026-07-19 18:01:56,143 - INFO - Loading XML Configuration...
2026-07-19 18:01:56,143 - INFO - Parsing Firewall Rules...
2026-07-19 18:01:56,143 - INFO - Parsed 6 Rules...
2026-07-19 18:01:56,144 - INFO - Loading Policies...
2026-07-19 18:04:59,821 - INFO - Loading XML Configuration...
2026-07-19 18:04:59,821 - INFO - Parsing Firewall Rules...
2026-07-19 18:04:59,822 - INFO - Parsed 6 Rules...
2026-07-19 18:04:59,822 - INFO - Loading Policies...
2026-07-19 18:06:10,337 - INFO - Loading XML Configuration...
2026-07-19 18:06:10,338 - INFO - Parsing Firewall Rules...
2026-07-19 18:06:10,338 - INFO - Parsed 6 Rules...
2026-07-19 18:06:10,338 - INFO - Loading Policies...
2026-07-19 18:10:15,352 - INFO - Loading XML Configuration...
2026-07-19 18:10:15,352 - INFO - Parsing Firewall Rules...
2026-07-19 18:10:15,353 - INFO - Parsed 6 Rules...
2026-07-19 18:10:15,353 - INFO - Loading Policies...
2026-07-19 18:10:15,353 - ERROR - Failed to load YAML file.
2026-07-19 18:12:57,076 - INFO - Loading XML Configuration...
2026-07-19 18:12:57,076 - INFO - Parsing Firewall Rules...
2026-07-19 18:12:57,077 - INFO - Parsed 6 Rules...
2026-07-19 18:12:57,077 - INFO - Loading Policies...
2026-07-19 18:12:57,081 - INFO - Generating Reports...
2026-07-19 18:12:57,082 - INFO - Reports Generated.
2026-07-19 18:12:57,082 - INFO - Generating Reports...
2026-07-19 18:12:57,083 - INFO - Reports Generated.
2026-07-19 18:12:57,083 - INFO - Generating Reports...
2026-07-19 18:12:57,084 - INFO - Reports Generated.
2026-07-19 18:12:57,084 - INFO - Generating Reports...
2026-07-19 18:12:57,085 - INFO - Reports Generated.
2026-07-19 18:12:57,085 - INFO - Generating Reports...
2026-07-19 18:12:57,086 - INFO - Reports Generated.
2026-07-19 18:12:57,086 - INFO - Generating Reports...
2026-07-19 18:12:57,087 - INFO - Reports Generated.
2026-07-19 18:14:05,997 - INFO - Loading XML Configuration...
2026-07-19 18:14:05,997 - INFO - Parsing Firewall Rules...
2026-07-19 18:14:05,998 - INFO - Parsed 6 Rules...
2026-07-19 18:14:05,998 - INFO - Loading Policies...
2026-07-19 18:14:06,000 - INFO - Generating Reports...
2026-07-19 18:14:06,002 - INFO - Reports Generated.
2026-07-26 21:58:04,832 - INFO - Loading XML Configuration...
2026-07-26 21:58:04,834 - INFO - Parsing Firewall Rules...
2026-07-26 21:58:04,835 - INFO - Parsed 6 Rules...
2026-07-26 21:58:04,835 - INFO - Loading Policies...
2026-07-26 21:58:04,837 - INFO - Generating Reports...
2026-07-26 21:58:04,838 - INFO - Reports Generated.
